
     Program DOS v.7.4.1 starts on 30Dec2025 at 19: 9:37 

     This program is part of the open-source Quantum ESPRESSO suite
     for quantum simulation of materials; please cite
         "P. Giannozzi et al., J. Phys.:Condens. Matter 21 395502 (2009);
         "P. Giannozzi et al., J. Phys.:Condens. Matter 29 465901 (2017);
         "P. Giannozzi et al., J. Chem. Phys. 152 154105 (2020);
          URL http://www.quantum-espresso.org", 
     in publications or presentations arising from this work. More details at
     http://www.quantum-espresso.org/quote

     Parallel version (MPI), running on    24 processors

     MPI processes distributed on     1 nodes
     R & G space division:  proc/nbgrp/npool/nimage =      24
     81086 MiB available memory on the printing compute node when the environment starts
 

     Reading xml data from directory:

     ../tmp/graphene.save/
     file C.pz-n-kjpaw-LDA.UPF: wavefunction(s)  2P renormalized

     IMPORTANT: XC functional enforced from input :
     Exchange-correlation= PZ
                           (   1   1   0   0   0   0   0)
     Any further DFT definition will be discarded
     Please, verify this is what you really want

 
     Parallelization info
     --------------------
     sticks:   dense  smooth     PW     G-vecs:    dense   smooth      PW
     Min          43      17      5                 6815     1719     287
     Max          44      18      6                 6828     1738     314
     Sum        1039     421    121               163611    41503    7019
 
     Using Slab Decomposition
 

     negative rho (up, down):  1.299E-05 0.000E+00

     Gaussian broadening (read from input): ngauss,degauss=   0    0.007000

 
     DOS          :      0.53s CPU      0.60s WALL

 
   This run was terminated on:  19: 9:37  30Dec2025            

=------------------------------------------------------------------------------=
   JOB DONE.
=------------------------------------------------------------------------------=
