
     Program POST-PROC v.7.4.1 starts on  5Nov2025 at 14:31:33 

     This program is part of the open-source Quantum ESPRESSO suite
     for quantum simulation of materials; please cite
         "P. Giannozzi et al., J. Phys.:Condens. Matter 21 395502 (2009);
         "P. Giannozzi et al., J. Phys.:Condens. Matter 29 465901 (2017);
         "P. Giannozzi et al., J. Chem. Phys. 152 154105 (2020);
          URL http://www.quantum-espresso.org", 
     in publications or presentations arising from this work. More details at
     http://www.quantum-espresso.org/quote

     Serial version
     763 MiB available memory on the printing compute node when the environment starts


     Reading xml data from directory:

     ./tmp/graphene.save/
     file C.rel-pbe-n-kjpaw_psl.0.1.UPF: wavefunction(s)  2P 2P renormalized

     IMPORTANT: XC functional enforced from input :
     Exchange-correlation= PBE
                           (   1   4   3   4   0   0   0)
     Any further DFT definition will be discarded
     Please, verify this is what you really want


     G-vector sticks info
     --------------------
     sticks:   dense  smooth     PW     G-vecs:    dense   smooth      PW
     Sum        1045     421    121               166859    42343    7091

     Using Slab Decomposition

 ----2D----2D----2D----2D----2D----2D----2D----2D----2D----2D----2D----2D
  The code is running with the 2D cutoff
  Please refer to:
  Sohier, T., Calandra, M., & Mauri, F. (2017), 
  Density functional perturbation theory for gated two-dimensional heterostructures:
  Theoretical developments and application to flexural phonons in graphene.
  Physical Review B, 96(7), 75448. https://doi.org/10.1103/PhysRevB.96.075448
 ----2D----2D----2D----2D----2D----2D----2D----2D----2D----2D----2D----2D

     negative rho (up, down):  7.075E-06 0.000E+00

     Adding external electric field

     Computed dipole along edir(3) : 
        Dipole                0.0100 Ry au,          0.0254 Debye
        Dipole field          0.0002 Ry au, 

        E field amplitude [Ha a.u.]:  1.9447E-03
        Potential amp.        0.0921 Ry
        Total length         26.9286 bohr


     Calling punch_plot, plot_num =  11

     Adding external electric field

     Computed dipole along edir(3) : 
        Dipole                0.0100 Ry au,          0.0254 Debye
        Dipole field          0.0002 Ry au, 

        E field amplitude [Ha a.u.]:  1.9447E-03
        Potential amp.        0.0921 Ry
        Total length         26.9286 bohr

     Writing data to file  potential.dat
     Message from routine chdens:
     namelist plot not found or invalid, exiting

     POST-PROC    :      1.59s CPU      1.95s WALL


   This run was terminated on:  14:31:35   5Nov2025            

=------------------------------------------------------------------------------=
   JOB DONE.
=------------------------------------------------------------------------------=
