
     Program BANDS v.7.4.1 starts on  6Nov2025 at 19:38:55 

     This program is part of the open-source Quantum ESPRESSO suite
     for quantum simulation of materials; please cite
         "P. Giannozzi et al., J. Phys.:Condens. Matter 21 395502 (2009);
         "P. Giannozzi et al., J. Phys.:Condens. Matter 29 465901 (2017);
         "P. Giannozzi et al., J. Chem. Phys. 152 154105 (2020);
          URL http://www.quantum-espresso.org", 
     in publications or presentations arising from this work. More details at
     http://www.quantum-espresso.org/quote

     Serial version
     515 MiB available memory on the printing compute node when the environment starts


     Reading xml data from directory:

     ./tmp/graphene.save/
     file C.rel-pbe-n-kjpaw_psl.0.1.UPF: wavefunction(s)  2P 2P renormalized

     IMPORTANT: XC functional enforced from input :
     Exchange-correlation= PBE
                           (   1   4   3   4   0   0   0)
     Any further DFT definition will be discarded
     Please, verify this is what you really want


     G-vector sticks info
     --------------------
     sticks:   dense  smooth     PW     G-vecs:    dense   smooth      PW
     Sum        1045     421    121               166859    42343    7091

     Using Slab Decomposition

 ----2D----2D----2D----2D----2D----2D----2D----2D----2D----2D----2D----2D
  The code is running with the 2D cutoff
  Please refer to:
  Sohier, T., Calandra, M., & Mauri, F. (2017), 
  Density functional perturbation theory for gated two-dimensional heterostructures:
  Theoretical developments and application to flexural phonons in graphene.
  Physical Review B, 96(7), 75448. https://doi.org/10.1103/PhysRevB.96.075448
 ----2D----2D----2D----2D----2D----2D----2D----2D----2D----2D----2D----2D

     negative rho (up, down):  7.076E-06 0.000E+00
     Reading collected, re-writing distributed wavefunctions
     high-symmetry point: .000000.000000.000000   x coordinate 0.000000
     high-symmetry point: .333333.577350.000000   x coordinate 0.666667
     high-symmetry point: .500000.288675.000000   x coordinate 1.000000
     high-symmetry point: .000000.000000.000000   x coordinate 1.577350

     Plottable bands (eV) written to file graphene_bands.dat.gnu
     Bands written to file graphene_bands.dat

     BANDS        :     23.61s CPU     41.53s WALL


   This run was terminated on:  19:39:36   6Nov2025            

=------------------------------------------------------------------------------=
   JOB DONE.
=------------------------------------------------------------------------------=
