
     Program BANDS v.7.4.1 starts on 29Jan2026 at 16: 2:59 

     This program is part of the open-source Quantum ESPRESSO suite
     for quantum simulation of materials; please cite
         "P. Giannozzi et al., J. Phys.:Condens. Matter 21 395502 (2009);
         "P. Giannozzi et al., J. Phys.:Condens. Matter 29 465901 (2017);
         "P. Giannozzi et al., J. Chem. Phys. 152 154105 (2020);
          URL http://www.quantum-espresso.org", 
     in publications or presentations arising from this work. More details at
     http://www.quantum-espresso.org/quote

     Parallel version (MPI), running on    20 processors

     MPI processes distributed on     1 nodes
     R & G space division:  proc/nbgrp/npool/nimage =      20
     39996 MiB available memory on the printing compute node when the environment starts
 

     Reading xml data from directory:

     ../tmp/graphene.save/
     file C.rel-pbe-n-kjpaw_psl.1.0.0.UPF: wavefunction(s)  2S 2P 2P renormalized

     IMPORTANT: XC functional enforced from input :
     Exchange-correlation= PBE
                           (   1   4   3   4   0   0   0)
     Any further DFT definition will be discarded
     Please, verify this is what you really want

 
     Parallelization info
     --------------------
     sticks:   dense  smooth     PW     G-vecs:    dense   smooth      PW
     Min          52      21      6                 8339     2113     348
     Max          57      22      7                 8350     2140     377
     Sum        1045     421    121               166859    42343    7091
 
     Using Slab Decomposition
 

     negative rho (up, down):  3.521E-05 0.000E+00
 
     Adding external electric field

     Computed dipole along edir(3) : 
        Dipole                0.0745 Ry au,          0.1894 Debye
        Dipole field          0.0018 Ry au, 
 
        E field amplitude [Ha a.u.]:  1.2640E-02
        Potential amp.        0.5863 Ry
        Total length         26.9286 bohr
 
     Reading collected, re-writing distributed wavefunctions
     high-symmetry point:  0.0000 0.0000 0.0000   x coordinate   0.0000
     high-symmetry point:  0.3333 0.5774 0.0000   x coordinate   0.6667
     high-symmetry point:  0.5000 0.2887 0.0000   x coordinate   1.0000
     high-symmetry point:  0.0000 0.0000 0.0000   x coordinate   1.5774

     Plottable bands (eV) written to file graphene_bands.dat.gnu
     Bands written to file graphene_bands.dat
 
     BANDS        :     54.29s CPU   3m57.06s WALL

 
   This run was terminated on:  16: 6:56  29Jan2026            

=------------------------------------------------------------------------------=
   JOB DONE.
=------------------------------------------------------------------------------=
