
     Program BANDS v.7.4.1 starts on 18Nov2025 at 15:54:58 

     This program is part of the open-source Quantum ESPRESSO suite
     for quantum simulation of materials; please cite
         "P. Giannozzi et al., J. Phys.:Condens. Matter 21 395502 (2009);
         "P. Giannozzi et al., J. Phys.:Condens. Matter 29 465901 (2017);
         "P. Giannozzi et al., J. Chem. Phys. 152 154105 (2020);
          URL http://www.quantum-espresso.org", 
     in publications or presentations arising from this work. More details at
     http://www.quantum-espresso.org/quote

     Parallel version (MPI), running on     6 processors

     MPI processes distributed on     1 nodes
     R & G space division:  proc/nbgrp/npool/nimage =       6
     108858 MiB available memory on the printing compute node when the environment starts
 

     Reading xml data from directory:

     ./tmp/AGNR.save/
     file C.pbe-n-kjpaw_psl.1.0.0.UPF: wavefunction(s)  2S 2P renormalized
     file H.pbe-kjpaw_psl.1.0.0.UPF: wavefunction(s)  1S renormalized

     IMPORTANT: XC functional enforced from input :
     Exchange-correlation= PBE
                           (   1   4   3   4   0   0   0)
     Any further DFT definition will be discarded
     Please, verify this is what you really want

 
     Parallelization info
     --------------------
     sticks:   dense  smooth     PW     G-vecs:    dense   smooth      PW
     Min        4722    1890    519              1506646   381314   54615
     Max        4723    1891    520              1506653   381321   54622
     Sum       28333   11345   3117              9039883  2287895  327715
 
     Using Slab Decomposition
 

     negative rho (up, down):  6.880E-04 0.000E+00
     Reading collected, re-writing distributed wavefunctions
     high-symmetry point:  0.0000 0.0000-0.5000   x coordinate   0.0000
     high-symmetry point:  0.0000 0.0000 0.0000   x coordinate   0.5000
     high-symmetry point:  0.0000 0.0000 0.5000   x coordinate   1.0000

     Plottable bands (eV) written to file AGNR_bands.dat.gnu
     Bands written to file AGNR_bands.dat

 **************************************************************************

                    xk=(   0.00000,   0.00000,  -0.50000  )

     point group C_1 (1)    
     there are  1 classes
     the character table:

       E    
A      1.00

     the symmetry operations in each class and the name of the first element:

     E        1
                                                                 

     Band symmetry, C_1 (1)     point group:

     e(  1 -  1) =    -19.38966  eV     1   --> A              
     e(  2 -  2) =    -19.31320  eV     1   --> A              
     e(  3 -  3) =    -14.27097  eV     1   --> A              
     e(  4 -  4) =    -14.21289  eV     1   --> A              
     e(  5 -  5) =     -9.87820  eV     1   --> A              
     e(  6 -  6) =     -9.82764  eV     1   --> A              
     e(  7 -  7) =     -9.43244  eV     1   --> A              
     e(  8 -  8) =     -9.36610  eV     1   --> A              
     e(  9 -  9) =     -7.30513  eV     1   --> A              
     e( 10 - 10) =     -7.24784  eV     1   --> A              
     e( 11 - 11) =     -0.49439  eV     1   --> A              
     e( 12 - 12) =     -0.43554  eV     1   --> A              
     e( 13 - 13) =      1.23589  eV     1   --> A              
     e( 14 - 14) =      1.24247  eV     1   --> A              

 **************************************************************************

 **************************************************************************

                    xk=(   0.00000,   0.00000,  -0.47500  )

     Band symmetry, C_1 (1)     point group:

     e(  1 -  1) =    -19.48660  eV     1   --> A              
     e(  2 -  2) =    -19.21070  eV     1   --> A              
     e(  3 -  3) =    -14.37689  eV     1   --> A              
     e(  4 -  4) =    -14.10183  eV     1   --> A              
     e(  5 -  5) =     -9.98338  eV     1   --> A              
     e(  6 -  6) =     -9.71968  eV     1   --> A              
     e(  7 -  7) =     -9.58765  eV     1   --> A              
     e(  8 -  8) =     -9.22441  eV     1   --> A              
     e(  9 -  9) =     -7.42246  eV     1   --> A              
     e( 10 - 10) =     -7.12476  eV     1   --> A              
     e( 11 - 11) =     -0.64190  eV     1   --> A              
     e( 12 - 12) =     -0.28553  eV     1   --> A              
     e( 13 - 13) =      1.10541  eV     1   --> A              
     e( 14 - 14) =      1.24353  eV     1   --> A              

 **************************************************************************

 **************************************************************************

                    xk=(   0.00000,   0.00000,  -0.45000  )

     Band symmetry, C_1 (1)     point group:

     e(  1 -  1) =    -19.60794  eV     1   --> A              
     e(  2 -  2) =    -19.07272  eV     1   --> A              
     e(  3 -  3) =    -14.50180  eV     1   --> A              
     e(  4 -  4) =    -13.96153  eV     1   --> A              
     e(  5 -  5) =    -10.10605  eV     1   --> A              
     e(  6 -  6) =     -9.78801  eV     1   --> A              
     e(  7 -  7) =     -9.58293  eV     1   --> A              
     e(  8 -  8) =     -9.07032  eV     1   --> A              
     e(  9 -  9) =     -7.55824  eV     1   --> A              
     e( 10 - 10) =     -6.97174  eV     1   --> A              
     e( 11 - 11) =     -0.81238  eV     1   --> A              
     e( 12 - 12) =     -0.10780  eV     1   --> A              
     e( 13 - 13) =      0.94902  eV     1   --> A              
     e( 14 - 14) =      1.11158  eV     1   --> A              

 **************************************************************************

 **************************************************************************

                    xk=(   0.00000,   0.00000,  -0.42500  )

     Band symmetry, C_1 (1)     point group:

     e(  1 -  1) =    -19.72508  eV     1   --> A              
     e(  2 -  2) =    -18.92795  eV     1   --> A              
     e(  3 -  3) =    -14.62209  eV     1   --> A              
     e(  4 -  4) =    -13.81573  eV     1   --> A              
     e(  5 -  5) =    -10.22488  eV     1   --> A              
     e(  6 -  6) =     -9.99662  eV     1   --> A              
     e(  7 -  7) =     -9.44619  eV     1   --> A              
     e(  8 -  8) =     -8.93318  eV     1   --> A              
     e(  9 -  9) =     -7.68868  eV     1   --> A              
     e( 10 - 10) =     -6.81267  eV     1   --> A              
     e( 11 - 11) =     -0.98070  eV     1   --> A              
     e( 12 - 12) =      0.07192  eV     1   --> A              
     e( 13 - 13) =      0.79193  eV     1   --> A              
     e( 14 - 14) =      0.95799  eV     1   --> A              

 **************************************************************************

 **************************************************************************

                    xk=(   0.00000,   0.00000,  -0.40000  )

     Band symmetry, C_1 (1)     point group:

     e(  1 -  1) =    -19.83656  eV     1   --> A              
     e(  2 -  2) =    -18.77804  eV     1   --> A              
     e(  3 -  3) =    -14.73679  eV     1   --> A              
     e(  4 -  4) =    -13.66560  eV     1   --> A              
     e(  5 -  5) =    -10.33889  eV     1   --> A              
     e(  6 -  6) =    -10.21474  eV     1   --> A              
     e(  7 -  7) =     -9.30682  eV     1   --> A              
     e(  8 -  8) =     -8.81521  eV     1   --> A              
     e(  9 -  9) =     -7.81286  eV     1   --> A              
     e( 10 - 10) =     -6.64859  eV     1   --> A              
     e( 11 - 11) =     -1.14619  eV     1   --> A              
     e( 12 - 12) =      0.25170  eV     1   --> A              
     e( 13 - 13) =      0.63920  eV     1   --> A              
     e( 14 - 14) =      0.80698  eV     1   --> A              

 **************************************************************************

 **************************************************************************

                    xk=(   0.00000,   0.00000,  -0.37500  )

     Band symmetry, C_1 (1)     point group:

     e(  1 -  1) =    -19.94198  eV     1   --> A              
     e(  2 -  2) =    -18.62364  eV     1   --> A              
     e(  3 -  3) =    -14.84559  eV     1   --> A              
     e(  4 -  4) =    -13.51177  eV     1   --> A              
     e(  5 -  5) =    -10.44804  eV     1   --> A              
     e(  6 -  6) =    -10.43942  eV     1   --> A              
     e(  7 -  7) =     -9.16616  eV     1   --> A              
     e(  8 -  8) =     -8.71772  eV     1   --> A              
     e(  9 -  9) =     -7.93045  eV     1   --> A              
     e( 10 - 10) =     -6.48002  eV     1   --> A              
     e( 11 - 11) =     -1.30881  eV     1   --> A              
     e( 12 - 12) =      0.42893  eV     1   --> A              
     e( 13 - 13) =      0.49272  eV     1   --> A              
     e( 14 - 14) =      0.66322  eV     1   --> A              

 **************************************************************************

 **************************************************************************

                    xk=(   0.00000,   0.00000,  -0.35000  )

     Band symmetry, C_1 (1)     point group:

     e(  1 -  1) =    -20.04112  eV     1   --> A              
     e(  2 -  2) =    -18.46533  eV     1   --> A              
     e(  3 -  3) =    -14.94828  eV     1   --> A              
     e(  4 -  4) =    -13.35484  eV     1   --> A              
     e(  5 -  5) =    -10.67008  eV     1   --> A              
     e(  6 -  6) =    -10.55061  eV     1   --> A              
     e(  7 -  7) =     -9.02516  eV     1   --> A              
     e(  8 -  8) =     -8.64149  eV     1   --> A              
     e(  9 -  9) =     -8.04123  eV     1   --> A              
     e( 10 - 10) =     -6.30746  eV     1   --> A              
     e( 11 - 11) =     -1.46866  eV     1   --> A              
     e( 12 - 12) =      0.35347  eV     1   --> A              
     e( 13 - 13) =      0.52812  eV     1   --> A              
     e( 14 - 14) =      0.59750  eV     1   --> A              

 **************************************************************************

 **************************************************************************

                    xk=(   0.00000,   0.00000,  -0.32500  )

     Band symmetry, C_1 (1)     point group:

     e(  1 -  1) =    -20.13385  eV     1   --> A              
     e(  2 -  2) =    -18.30372  eV     1   --> A              
     e(  3 -  3) =    -15.04472  eV     1   --> A              
     e(  4 -  4) =    -13.19548  eV     1   --> A              
     e(  5 -  5) =    -10.90327  eV     1   --> A              
     e(  6 -  6) =    -10.64786  eV     1   --> A              
     e(  7 -  7) =     -8.88484  eV     1   --> A              
     e(  8 -  8) =     -8.58684  eV     1   --> A              
     e(  9 -  9) =     -8.14501  eV     1   --> A              
     e( 10 - 10) =     -6.13138  eV     1   --> A              
     e( 11 - 11) =     -1.62595  eV     1   --> A              
     e( 12 - 12) =      0.22201  eV     1   --> A              
     e( 13 - 13) =      0.40218  eV     1   --> A              
     e( 14 - 14) =      0.73446  eV     1   --> A              

 **************************************************************************

 **************************************************************************

                    xk=(   0.00000,   0.00000,  -0.30000  )

     Band symmetry, C_1 (1)     point group:

     e(  1 -  1) =    -20.22005  eV     1   --> A              
     e(  2 -  2) =    -18.13951  eV     1   --> A              
     e(  3 -  3) =    -15.13483  eV     1   --> A              
     e(  4 -  4) =    -13.03447  eV     1   --> A              
     e(  5 -  5) =    -11.13762  eV     1   --> A              
     e(  6 -  6) =    -10.73903  eV     1   --> A              
     e(  7 -  7) =     -8.74629  eV     1   --> A              
     e(  8 -  8) =     -8.55351  eV     1   --> A              
     e(  9 -  9) =     -8.24164  eV     1   --> A              
     e( 10 - 10) =     -5.95231  eV     1   --> A              
     e( 11 - 11) =     -1.78098  eV     1   --> A              
     e( 12 - 12) =      0.09876  eV     1   --> A              
     e( 13 - 13) =      0.28557  eV     1   --> A              
     e( 14 - 14) =      0.74523  eV     1   --> A              

 **************************************************************************

 **************************************************************************

                    xk=(   0.00000,   0.00000,  -0.27500  )

     Band symmetry, C_1 (1)     point group:

     e(  1 -  1) =    -20.29962  eV     1   --> A              
     e(  2 -  2) =    -17.97358  eV     1   --> A              
     e(  3 -  3) =    -15.21852  eV     1   --> A              
     e(  4 -  4) =    -12.87269  eV     1   --> A              
     e(  5 -  5) =    -11.37115  eV     1   --> A              
     e(  6 -  6) =    -10.82398  eV     1   --> A              
     e(  7 -  7) =     -8.61072  eV     1   --> A              
     e(  8 -  8) =     -8.54070  eV     1   --> A              
     e(  9 -  9) =     -8.33099  eV     1   --> A              
     e( 10 - 10) =     -5.77082  eV     1   --> A              
     e( 11 - 11) =     -1.93413  eV     1   --> A              
     e( 12 - 12) =     -0.01598  eV     1   --> A              
     e( 13 - 13) =      0.17833  eV     1   --> A              
     e( 14 - 14) =      0.62792  eV     1   --> A              

 **************************************************************************

 **************************************************************************

                    xk=(   0.00000,   0.00000,  -0.25000  )

     Band symmetry, C_1 (1)     point group:

     e(  1 -  1) =    -20.37250  eV     1   --> A              
     e(  2 -  2) =    -17.80699  eV     1   --> A              
     e(  3 -  3) =    -15.29575  eV     1   --> A              
     e(  4 -  4) =    -12.71122  eV     1   --> A              
     e(  5 -  5) =    -11.60181  eV     1   --> A              
     e(  6 -  6) =    -10.90263  eV     1   --> A              
     e(  7 -  7) =     -8.54704  eV     1   --> A              
     e(  8 -  8) =     -8.47938  eV     1   --> A              
     e(  9 -  9) =     -8.41292  eV     1   --> A              
     e( 10 - 10) =     -5.58754  eV     1   --> A              
     e( 11 - 11) =     -2.08579  eV     1   --> A              
     e( 12 - 12) =     -0.12198  eV     1   --> A              
     e( 13 - 13) =      0.08044  eV     1   --> A              
     e( 14 - 14) =      0.52085  eV     1   --> A              

 **************************************************************************

 **************************************************************************

                    xk=(   0.00000,   0.00000,  -0.22500  )

     Band symmetry, C_1 (1)     point group:

     e(  1 -  1) =    -20.43861  eV     1   --> A              
     e(  2 -  2) =    -17.64106  eV     1   --> A              
     e(  3 -  3) =    -15.36653  eV     1   --> A              
     e(  4 -  4) =    -12.55133  eV     1   --> A              
     e(  5 -  5) =    -11.82735  eV     1   --> A              
     e(  6 -  6) =    -10.97495  eV     1   --> A              
     e(  7 -  7) =     -8.57048  eV     1   --> A              
     e(  8 -  8) =     -8.48735  eV     1   --> A              
     e(  9 -  9) =     -8.35375  eV     1   --> A              
     e( 10 - 10) =     -5.40315  eV     1   --> A              
     e( 11 - 11) =     -2.23641  eV     1   --> A              
     e( 12 - 12) =     -0.21900  eV     1   --> A              
     e( 13 - 13) =     -0.00814  eV     1   --> A              
     e( 14 - 14) =      0.42399  eV     1   --> A              

 **************************************************************************

 **************************************************************************

                    xk=(   0.00000,   0.00000,  -0.20000  )

     Band symmetry, C_1 (1)     point group:

     e(  1 -  1) =    -20.49790  eV     1   --> A              
     e(  2 -  2) =    -17.47743  eV     1   --> A              
     e(  3 -  3) =    -15.43087  eV     1   --> A              
     e(  4 -  4) =    -12.39452  eV     1   --> A              
     e(  5 -  5) =    -12.04530  eV     1   --> A              
     e(  6 -  6) =    -11.04098  eV     1   --> A              
     e(  7 -  7) =     -8.60850  eV     1   --> A              
     e(  8 -  8) =     -8.55417  eV     1   --> A              
     e(  9 -  9) =     -8.23528  eV     1   --> A              
     e( 10 - 10) =     -5.21843  eV     1   --> A              
     e( 11 - 11) =     -2.38640  eV     1   --> A              
     e( 12 - 12) =     -0.30683  eV     1   --> A              
     e( 13 - 13) =     -0.08742  eV     1   --> A              
     e( 14 - 14) =      0.33733  eV     1   --> A              

 **************************************************************************

 **************************************************************************

                    xk=(   0.00000,   0.00000,  -0.17500  )

     Band symmetry, C_1 (1)     point group:

     e(  1 -  1) =    -20.55032  eV     1   --> A              
     e(  2 -  2) =    -17.31819  eV     1   --> A              
     e(  3 -  3) =    -15.48881  eV     1   --> A              
     e(  4 -  4) =    -12.25312  eV     1   --> A              
     e(  5 -  5) =    -12.24230  eV     1   --> A              
     e(  6 -  6) =    -11.10088  eV     1   --> A              
     e(  7 -  7) =     -8.65796  eV     1   --> A              
     e(  8 -  8) =     -8.61332  eV     1   --> A              
     e(  9 -  9) =     -8.12555  eV     1   --> A              
     e( 10 - 10) =     -5.03427  eV     1   --> A              
     e( 11 - 11) =     -2.53608  eV     1   --> A              
     e( 12 - 12) =     -0.38524  eV     1   --> A              
     e( 13 - 13) =     -0.15744  eV     1   --> A              
     e( 14 - 14) =      0.26086  eV     1   --> A              

 **************************************************************************

 **************************************************************************

                    xk=(   0.00000,   0.00000,  -0.15000  )

     Band symmetry, C_1 (1)     point group:

     e(  1 -  1) =    -20.59583  eV     1   --> A              
     e(  2 -  2) =    -17.16598  eV     1   --> A              
     e(  3 -  3) =    -15.54040  eV     1   --> A              
     e(  4 -  4) =    -12.44672  eV     1   --> A              
     e(  5 -  5) =    -12.09761  eV     1   --> A              
     e(  6 -  6) =    -11.15495  eV     1   --> A              
     e(  7 -  7) =     -8.71521  eV     1   --> A              
     e(  8 -  8) =     -8.66471  eV     1   --> A              
     e(  9 -  9) =     -8.02613  eV     1   --> A              
     e( 10 - 10) =     -4.85173  eV     1   --> A              
     e( 11 - 11) =     -2.68562  eV     1   --> A              
     e( 12 - 12) =     -0.45399  eV     1   --> A              
     e( 13 - 13) =     -0.21817  eV     1   --> A              
     e( 14 - 14) =      0.19459  eV     1   --> A              

 **************************************************************************

 **************************************************************************

                    xk=(   0.00000,   0.00000,  -0.12500  )

     Band symmetry, C_1 (1)     point group:

     e(  1 -  1) =    -20.63439  eV     1   --> A              
     e(  2 -  2) =    -17.02407  eV     1   --> A              
     e(  3 -  3) =    -15.58564  eV     1   --> A              
     e(  4 -  4) =    -12.62308  eV     1   --> A              
     e(  5 -  5) =    -11.96210  eV     1   --> A              
     e(  6 -  6) =    -11.20368  eV     1   --> A              
     e(  7 -  7) =     -8.77606  eV     1   --> A              
     e(  8 -  8) =     -8.70829  eV     1   --> A              
     e(  9 -  9) =     -7.93864  eV     1   --> A              
     e( 10 - 10) =     -4.67219  eV     1   --> A              
     e( 11 - 11) =     -2.83482  eV     1   --> A              
     e( 12 - 12) =     -0.51281  eV     1   --> A              
     e( 13 - 13) =     -0.26962  eV     1   --> A              
     e( 14 - 14) =      0.13852  eV     1   --> A              

 **************************************************************************

 **************************************************************************

                    xk=(   0.00000,   0.00000,  -0.10000  )

     Band symmetry, C_1 (1)     point group:

     e(  1 -  1) =    -20.66598  eV     1   --> A              
     e(  2 -  2) =    -16.89657  eV     1   --> A              
     e(  3 -  3) =    -15.62442  eV     1   --> A              
     e(  4 -  4) =    -12.77756  eV     1   --> A              
     e(  5 -  5) =    -11.83875  eV     1   --> A              
     e(  6 -  6) =    -11.24779  eV     1   --> A              
     e(  7 -  7) =     -8.83587  eV     1   --> A              
     e(  8 -  8) =     -8.74401  eV     1   --> A              
     e(  9 -  9) =     -7.86458  eV     1   --> A              
     e( 10 - 10) =     -4.49768  eV     1   --> A              
     e( 11 - 11) =     -2.98278  eV     1   --> A              
     e( 12 - 12) =     -0.56144  eV     1   --> A              
     e( 13 - 13) =     -0.31177  eV     1   --> A              
     e( 14 - 14) =      0.09264  eV     1   --> A              

 **************************************************************************

 **************************************************************************

                    xk=(   0.00000,   0.00000,  -0.07500  )

     Band symmetry, C_1 (1)     point group:

     e(  1 -  1) =    -20.69057  eV     1   --> A              
     e(  2 -  2) =    -16.78837  eV     1   --> A              
     e(  3 -  3) =    -15.65635  eV     1   --> A              
     e(  4 -  4) =    -12.90532  eV     1   --> A              
     e(  5 -  5) =    -11.73061  eV     1   --> A              
     e(  6 -  6) =    -11.28814  eV     1   --> A              
     e(  7 -  7) =     -8.88972  eV     1   --> A              
     e(  8 -  8) =     -8.77183  eV     1   --> A              
     e(  9 -  9) =     -7.80535  eV     1   --> A              
     e( 10 - 10) =     -4.33170  eV     1   --> A              
     e( 11 - 11) =     -3.12698  eV     1   --> A              
     e( 12 - 12) =     -0.59961  eV     1   --> A              
     e( 13 - 13) =     -0.34458  eV     1   --> A              
     e( 14 - 14) =      0.05696  eV     1   --> A              

 **************************************************************************

 **************************************************************************

                    xk=(   0.00000,   0.00000,  -0.05000  )

     Band symmetry, C_1 (1)     point group:

     e(  1 -  1) =    -20.70815  eV     1   --> A              
     e(  2 -  2) =    -16.70500  eV     1   --> A              
     e(  3 -  3) =    -15.68063  eV     1   --> A              
     e(  4 -  4) =    -13.00136  eV     1   --> A              
     e(  5 -  5) =    -11.64127  eV     1   --> A              
     e(  6 -  6) =    -11.32517  eV     1   --> A              
     e(  7 -  7) =     -8.93271  eV     1   --> A              
     e(  8 -  8) =     -8.79172  eV     1   --> A              
     e(  9 -  9) =     -7.76213  eV     1   --> A              
     e( 10 - 10) =     -4.18146  eV     1   --> A              
     e( 11 - 11) =     -3.26104  eV     1   --> A              
     e( 12 - 12) =     -0.62707  eV     1   --> A              
     e( 13 - 13) =     -0.36803  eV     1   --> A              
     e( 14 - 14) =      0.03147  eV     1   --> A              

 **************************************************************************

 **************************************************************************

                    xk=(   0.00000,   0.00000,  -0.02500  )

     Band symmetry, C_1 (1)     point group:

     e(  1 -  1) =    -20.71870  eV     1   --> A              
     e(  2 -  2) =    -16.65203  eV     1   --> A              
     e(  3 -  3) =    -15.69606  eV     1   --> A              
     e(  4 -  4) =    -13.06116  eV     1   --> A              
     e(  5 -  5) =    -11.57681  eV     1   --> A              
     e(  6 -  6) =    -11.35648  eV     1   --> A              
     e(  7 -  7) =     -8.96053  eV     1   --> A              
     e(  8 -  8) =     -8.80367  eV     1   --> A              
     e(  9 -  9) =     -7.73581  eV     1   --> A              
     e( 10 - 10) =     -4.06411  eV     1   --> A              
     e( 11 - 11) =     -3.36843  eV     1   --> A              
     e( 12 - 12) =     -0.64364  eV     1   --> A              
     e( 13 - 13) =     -0.38211  eV     1   --> A              
     e( 14 - 14) =      0.01618  eV     1   --> A              

 **************************************************************************

 **************************************************************************

                    xk=(   0.00000,   0.00000,   0.00000  )

     Band symmetry, C_1 (1)     point group:

     e(  1 -  1) =    -20.72222  eV     1   --> A              
     e(  2 -  2) =    -16.63381  eV     1   --> A              
     e(  3 -  3) =    -15.70138  eV     1   --> A              
     e(  4 -  4) =    -13.08148  eV     1   --> A              
     e(  5 -  5) =    -11.55113  eV     1   --> A              
     e(  6 -  6) =    -11.37078  eV     1   --> A              
     e(  7 -  7) =     -8.97017  eV     1   --> A              
     e(  8 -  8) =     -8.80765  eV     1   --> A              
     e(  9 -  9) =     -7.72698  eV     1   --> A              
     e( 10 - 10) =     -4.01574  eV     1   --> A              
     e( 11 - 11) =     -3.41343  eV     1   --> A              
     e( 12 - 12) =     -0.64918  eV     1   --> A              
     e( 13 - 13) =     -0.38681  eV     1   --> A              
     e( 14 - 14) =      0.01108  eV     1   --> A              

 **************************************************************************

 **************************************************************************

                    xk=(   0.00000,   0.00000,   0.02500  )

     Band symmetry, C_1 (1)     point group:

     e(  1 -  1) =    -20.71870  eV     1   --> A              
     e(  2 -  2) =    -16.65203  eV     1   --> A              
     e(  3 -  3) =    -15.69606  eV     1   --> A              
     e(  4 -  4) =    -13.06116  eV     1   --> A              
     e(  5 -  5) =    -11.57681  eV     1   --> A              
     e(  6 -  6) =    -11.35648  eV     1   --> A              
     e(  7 -  7) =     -8.96053  eV     1   --> A              
     e(  8 -  8) =     -8.80367  eV     1   --> A              
     e(  9 -  9) =     -7.73581  eV     1   --> A              
     e( 10 - 10) =     -4.06411  eV     1   --> A              
     e( 11 - 11) =     -3.36843  eV     1   --> A              
     e( 12 - 12) =     -0.64364  eV     1   --> A              
     e( 13 - 13) =     -0.38211  eV     1   --> A              
     e( 14 - 14) =      0.01618  eV     1   --> A              

 **************************************************************************

 **************************************************************************

                    xk=(   0.00000,   0.00000,   0.05000  )

     Band symmetry, C_1 (1)     point group:

     e(  1 -  1) =    -20.70815  eV     1   --> A              
     e(  2 -  2) =    -16.70500  eV     1   --> A              
     e(  3 -  3) =    -15.68063  eV     1   --> A              
     e(  4 -  4) =    -13.00136  eV     1   --> A              
     e(  5 -  5) =    -11.64127  eV     1   --> A              
     e(  6 -  6) =    -11.32517  eV     1   --> A              
     e(  7 -  7) =     -8.93271  eV     1   --> A              
     e(  8 -  8) =     -8.79172  eV     1   --> A              
     e(  9 -  9) =     -7.76213  eV     1   --> A              
     e( 10 - 10) =     -4.18146  eV     1   --> A              
     e( 11 - 11) =     -3.26104  eV     1   --> A              
     e( 12 - 12) =     -0.62707  eV     1   --> A              
     e( 13 - 13) =     -0.36803  eV     1   --> A              
     e( 14 - 14) =      0.03147  eV     1   --> A              

 **************************************************************************

 **************************************************************************

                    xk=(   0.00000,   0.00000,   0.07500  )

     Band symmetry, C_1 (1)     point group:

     e(  1 -  1) =    -20.69057  eV     1   --> A              
     e(  2 -  2) =    -16.78837  eV     1   --> A              
     e(  3 -  3) =    -15.65635  eV     1   --> A              
     e(  4 -  4) =    -12.90532  eV     1   --> A              
     e(  5 -  5) =    -11.73061  eV     1   --> A              
     e(  6 -  6) =    -11.28814  eV     1   --> A              
     e(  7 -  7) =     -8.88972  eV     1   --> A              
     e(  8 -  8) =     -8.77183  eV     1   --> A              
     e(  9 -  9) =     -7.80535  eV     1   --> A              
     e( 10 - 10) =     -4.33170  eV     1   --> A              
     e( 11 - 11) =     -3.12698  eV     1   --> A              
     e( 12 - 12) =     -0.59961  eV     1   --> A              
     e( 13 - 13) =     -0.34458  eV     1   --> A              
     e( 14 - 14) =      0.05696  eV     1   --> A              

 **************************************************************************

 **************************************************************************

                    xk=(   0.00000,   0.00000,   0.10000  )

     Band symmetry, C_1 (1)     point group:

     e(  1 -  1) =    -20.66598  eV     1   --> A              
     e(  2 -  2) =    -16.89657  eV     1   --> A              
     e(  3 -  3) =    -15.62442  eV     1   --> A              
     e(  4 -  4) =    -12.77756  eV     1   --> A              
     e(  5 -  5) =    -11.83875  eV     1   --> A              
     e(  6 -  6) =    -11.24779  eV     1   --> A              
     e(  7 -  7) =     -8.83587  eV     1   --> A              
     e(  8 -  8) =     -8.74401  eV     1   --> A              
     e(  9 -  9) =     -7.86458  eV     1   --> A              
     e( 10 - 10) =     -4.49768  eV     1   --> A              
     e( 11 - 11) =     -2.98278  eV     1   --> A              
     e( 12 - 12) =     -0.56144  eV     1   --> A              
     e( 13 - 13) =     -0.31177  eV     1   --> A              
     e( 14 - 14) =      0.09264  eV     1   --> A              

 **************************************************************************

 **************************************************************************

                    xk=(   0.00000,   0.00000,   0.12500  )

     Band symmetry, C_1 (1)     point group:

     e(  1 -  1) =    -20.63439  eV     1   --> A              
     e(  2 -  2) =    -17.02407  eV     1   --> A              
     e(  3 -  3) =    -15.58564  eV     1   --> A              
     e(  4 -  4) =    -12.62308  eV     1   --> A              
     e(  5 -  5) =    -11.96210  eV     1   --> A              
     e(  6 -  6) =    -11.20368  eV     1   --> A              
     e(  7 -  7) =     -8.77606  eV     1   --> A              
     e(  8 -  8) =     -8.70829  eV     1   --> A              
     e(  9 -  9) =     -7.93864  eV     1   --> A              
     e( 10 - 10) =     -4.67219  eV     1   --> A              
     e( 11 - 11) =     -2.83482  eV     1   --> A              
     e( 12 - 12) =     -0.51281  eV     1   --> A              
     e( 13 - 13) =     -0.26962  eV     1   --> A              
     e( 14 - 14) =      0.13852  eV     1   --> A              

 **************************************************************************

 **************************************************************************

                    xk=(   0.00000,   0.00000,   0.15000  )

     Band symmetry, C_1 (1)     point group:

     e(  1 -  1) =    -20.59583  eV     1   --> A              
     e(  2 -  2) =    -17.16598  eV     1   --> A              
     e(  3 -  3) =    -15.54040  eV     1   --> A              
     e(  4 -  4) =    -12.44672  eV     1   --> A              
     e(  5 -  5) =    -12.09761  eV     1   --> A              
     e(  6 -  6) =    -11.15495  eV     1   --> A              
     e(  7 -  7) =     -8.71521  eV     1   --> A              
     e(  8 -  8) =     -8.66471  eV     1   --> A              
     e(  9 -  9) =     -8.02613  eV     1   --> A              
     e( 10 - 10) =     -4.85173  eV     1   --> A              
     e( 11 - 11) =     -2.68562  eV     1   --> A              
     e( 12 - 12) =     -0.45399  eV     1   --> A              
     e( 13 - 13) =     -0.21817  eV     1   --> A              
     e( 14 - 14) =      0.19459  eV     1   --> A              

 **************************************************************************

 **************************************************************************

                    xk=(   0.00000,   0.00000,   0.17500  )

     Band symmetry, C_1 (1)     point group:

     e(  1 -  1) =    -20.55032  eV     1   --> A              
     e(  2 -  2) =    -17.31819  eV     1   --> A              
     e(  3 -  3) =    -15.48881  eV     1   --> A              
     e(  4 -  4) =    -12.25312  eV     1   --> A              
     e(  5 -  5) =    -12.24230  eV     1   --> A              
     e(  6 -  6) =    -11.10088  eV     1   --> A              
     e(  7 -  7) =     -8.65796  eV     1   --> A              
     e(  8 -  8) =     -8.61332  eV     1   --> A              
     e(  9 -  9) =     -8.12555  eV     1   --> A              
     e( 10 - 10) =     -5.03427  eV     1   --> A              
     e( 11 - 11) =     -2.53608  eV     1   --> A              
     e( 12 - 12) =     -0.38524  eV     1   --> A              
     e( 13 - 13) =     -0.15744  eV     1   --> A              
     e( 14 - 14) =      0.26086  eV     1   --> A              

 **************************************************************************

 **************************************************************************

                    xk=(   0.00000,   0.00000,   0.20000  )

     Band symmetry, C_1 (1)     point group:

     e(  1 -  1) =    -20.49790  eV     1   --> A              
     e(  2 -  2) =    -17.47743  eV     1   --> A              
     e(  3 -  3) =    -15.43087  eV     1   --> A              
     e(  4 -  4) =    -12.39452  eV     1   --> A              
     e(  5 -  5) =    -12.04530  eV     1   --> A              
     e(  6 -  6) =    -11.04098  eV     1   --> A              
     e(  7 -  7) =     -8.60850  eV     1   --> A              
     e(  8 -  8) =     -8.55417  eV     1   --> A              
     e(  9 -  9) =     -8.23528  eV     1   --> A              
     e( 10 - 10) =     -5.21843  eV     1   --> A              
     e( 11 - 11) =     -2.38640  eV     1   --> A              
     e( 12 - 12) =     -0.30683  eV     1   --> A              
     e( 13 - 13) =     -0.08742  eV     1   --> A              
     e( 14 - 14) =      0.33733  eV     1   --> A              

 **************************************************************************

 **************************************************************************

                    xk=(   0.00000,   0.00000,   0.22500  )

     Band symmetry, C_1 (1)     point group:

     e(  1 -  1) =    -20.43861  eV     1   --> A              
     e(  2 -  2) =    -17.64106  eV     1   --> A              
     e(  3 -  3) =    -15.36653  eV     1   --> A              
     e(  4 -  4) =    -12.55133  eV     1   --> A              
     e(  5 -  5) =    -11.82735  eV     1   --> A              
     e(  6 -  6) =    -10.97495  eV     1   --> A              
     e(  7 -  7) =     -8.57048  eV     1   --> A              
     e(  8 -  8) =     -8.48735  eV     1   --> A              
     e(  9 -  9) =     -8.35375  eV     1   --> A              
     e( 10 - 10) =     -5.40315  eV     1   --> A              
     e( 11 - 11) =     -2.23641  eV     1   --> A              
     e( 12 - 12) =     -0.21900  eV     1   --> A              
     e( 13 - 13) =     -0.00814  eV     1   --> A              
     e( 14 - 14) =      0.42399  eV     1   --> A              

 **************************************************************************

 **************************************************************************

                    xk=(   0.00000,   0.00000,   0.25000  )

     Band symmetry, C_1 (1)     point group:

     e(  1 -  1) =    -20.37250  eV     1   --> A              
     e(  2 -  2) =    -17.80699  eV     1   --> A              
     e(  3 -  3) =    -15.29575  eV     1   --> A              
     e(  4 -  4) =    -12.71122  eV     1   --> A              
     e(  5 -  5) =    -11.60181  eV     1   --> A              
     e(  6 -  6) =    -10.90263  eV     1   --> A              
     e(  7 -  7) =     -8.54704  eV     1   --> A              
     e(  8 -  8) =     -8.47938  eV     1   --> A              
     e(  9 -  9) =     -8.41292  eV     1   --> A              
     e( 10 - 10) =     -5.58754  eV     1   --> A              
     e( 11 - 11) =     -2.08579  eV     1   --> A              
     e( 12 - 12) =     -0.12198  eV     1   --> A              
     e( 13 - 13) =      0.08044  eV     1   --> A              
     e( 14 - 14) =      0.52085  eV     1   --> A              

 **************************************************************************

 **************************************************************************

                    xk=(   0.00000,   0.00000,   0.27500  )

     Band symmetry, C_1 (1)     point group:

     e(  1 -  1) =    -20.29962  eV     1   --> A              
     e(  2 -  2) =    -17.97358  eV     1   --> A              
     e(  3 -  3) =    -15.21852  eV     1   --> A              
     e(  4 -  4) =    -12.87269  eV     1   --> A              
     e(  5 -  5) =    -11.37115  eV     1   --> A              
     e(  6 -  6) =    -10.82398  eV     1   --> A              
     e(  7 -  7) =     -8.61072  eV     1   --> A              
     e(  8 -  8) =     -8.54070  eV     1   --> A              
     e(  9 -  9) =     -8.33099  eV     1   --> A              
     e( 10 - 10) =     -5.77082  eV     1   --> A              
     e( 11 - 11) =     -1.93413  eV     1   --> A              
     e( 12 - 12) =     -0.01598  eV     1   --> A              
     e( 13 - 13) =      0.17833  eV     1   --> A              
     e( 14 - 14) =      0.62792  eV     1   --> A              

 **************************************************************************

 **************************************************************************

                    xk=(   0.00000,   0.00000,   0.30000  )

     Band symmetry, C_1 (1)     point group:

     e(  1 -  1) =    -20.22005  eV     1   --> A              
     e(  2 -  2) =    -18.13951  eV     1   --> A              
     e(  3 -  3) =    -15.13483  eV     1   --> A              
     e(  4 -  4) =    -13.03447  eV     1   --> A              
     e(  5 -  5) =    -11.13762  eV     1   --> A              
     e(  6 -  6) =    -10.73903  eV     1   --> A              
     e(  7 -  7) =     -8.74629  eV     1   --> A              
     e(  8 -  8) =     -8.55351  eV     1   --> A              
     e(  9 -  9) =     -8.24164  eV     1   --> A              
     e( 10 - 10) =     -5.95231  eV     1   --> A              
     e( 11 - 11) =     -1.78098  eV     1   --> A              
     e( 12 - 12) =      0.09876  eV     1   --> A              
     e( 13 - 13) =      0.28557  eV     1   --> A              
     e( 14 - 14) =      0.74630  eV     1   --> A              

 **************************************************************************

 **************************************************************************

                    xk=(   0.00000,   0.00000,   0.32500  )

     Band symmetry, C_1 (1)     point group:

     e(  1 -  1) =    -20.13385  eV     1   --> A              
     e(  2 -  2) =    -18.30372  eV     1   --> A              
     e(  3 -  3) =    -15.04472  eV     1   --> A              
     e(  4 -  4) =    -13.19548  eV     1   --> A              
     e(  5 -  5) =    -10.90327  eV     1   --> A              
     e(  6 -  6) =    -10.64786  eV     1   --> A              
     e(  7 -  7) =     -8.88484  eV     1   --> A              
     e(  8 -  8) =     -8.58684  eV     1   --> A              
     e(  9 -  9) =     -8.14501  eV     1   --> A              
     e( 10 - 10) =     -6.13138  eV     1   --> A              
     e( 11 - 11) =     -1.62595  eV     1   --> A              
     e( 12 - 12) =      0.22201  eV     1   --> A              
     e( 13 - 13) =      0.40218  eV     1   --> A              
     e( 14 - 14) =      0.73446  eV     1   --> A              

 **************************************************************************

 **************************************************************************

                    xk=(   0.00000,   0.00000,   0.35000  )

     Band symmetry, C_1 (1)     point group:

     e(  1 -  1) =    -20.04112  eV     1   --> A              
     e(  2 -  2) =    -18.46533  eV     1   --> A              
     e(  3 -  3) =    -14.94828  eV     1   --> A              
     e(  4 -  4) =    -13.35484  eV     1   --> A              
     e(  5 -  5) =    -10.67008  eV     1   --> A              
     e(  6 -  6) =    -10.55061  eV     1   --> A              
     e(  7 -  7) =     -9.02516  eV     1   --> A              
     e(  8 -  8) =     -8.64149  eV     1   --> A              
     e(  9 -  9) =     -8.04123  eV     1   --> A              
     e( 10 - 10) =     -6.30746  eV     1   --> A              
     e( 11 - 11) =     -1.46866  eV     1   --> A              
     e( 12 - 12) =      0.35347  eV     1   --> A              
     e( 13 - 13) =      0.52812  eV     1   --> A              
     e( 14 - 14) =      0.59750  eV     1   --> A              

 **************************************************************************

 **************************************************************************

                    xk=(   0.00000,   0.00000,   0.37500  )

     Band symmetry, C_1 (1)     point group:

     e(  1 -  1) =    -19.94198  eV     1   --> A              
     e(  2 -  2) =    -18.62364  eV     1   --> A              
     e(  3 -  3) =    -14.84559  eV     1   --> A              
     e(  4 -  4) =    -13.51177  eV     1   --> A              
     e(  5 -  5) =    -10.44804  eV     1   --> A              
     e(  6 -  6) =    -10.43942  eV     1   --> A              
     e(  7 -  7) =     -9.16616  eV     1   --> A              
     e(  8 -  8) =     -8.71772  eV     1   --> A              
     e(  9 -  9) =     -7.93045  eV     1   --> A              
     e( 10 - 10) =     -6.48002  eV     1   --> A              
     e( 11 - 11) =     -1.30881  eV     1   --> A              
     e( 12 - 12) =      0.42893  eV     1   --> A              
     e( 13 - 13) =      0.49272  eV     1   --> A              
     e( 14 - 14) =      0.66322  eV     1   --> A              

 **************************************************************************

 **************************************************************************

                    xk=(   0.00000,   0.00000,   0.40000  )

     Band symmetry, C_1 (1)     point group:

     e(  1 -  1) =    -19.83656  eV     1   --> A              
     e(  2 -  2) =    -18.77804  eV     1   --> A              
     e(  3 -  3) =    -14.73679  eV     1   --> A              
     e(  4 -  4) =    -13.66560  eV     1   --> A              
     e(  5 -  5) =    -10.33889  eV     1   --> A              
     e(  6 -  6) =    -10.21474  eV     1   --> A              
     e(  7 -  7) =     -9.30682  eV     1   --> A              
     e(  8 -  8) =     -8.81521  eV     1   --> A              
     e(  9 -  9) =     -7.81286  eV     1   --> A              
     e( 10 - 10) =     -6.64859  eV     1   --> A              
     e( 11 - 11) =     -1.14619  eV     1   --> A              
     e( 12 - 12) =      0.25170  eV     1   --> A              
     e( 13 - 13) =      0.63920  eV     1   --> A              
     e( 14 - 14) =      0.80698  eV     1   --> A              

 **************************************************************************

 **************************************************************************

                    xk=(   0.00000,   0.00000,   0.42500  )

     Band symmetry, C_1 (1)     point group:

     e(  1 -  1) =    -19.72508  eV     1   --> A              
     e(  2 -  2) =    -18.92795  eV     1   --> A              
     e(  3 -  3) =    -14.62209  eV     1   --> A              
     e(  4 -  4) =    -13.81573  eV     1   --> A              
     e(  5 -  5) =    -10.22488  eV     1   --> A              
     e(  6 -  6) =     -9.99662  eV     1   --> A              
     e(  7 -  7) =     -9.44619  eV     1   --> A              
     e(  8 -  8) =     -8.93318  eV     1   --> A              
     e(  9 -  9) =     -7.68868  eV     1   --> A              
     e( 10 - 10) =     -6.81267  eV     1   --> A              
     e( 11 - 11) =     -0.98070  eV     1   --> A              
     e( 12 - 12) =      0.07192  eV     1   --> A              
     e( 13 - 13) =      0.79193  eV     1   --> A              
     e( 14 - 14) =      0.95799  eV     1   --> A              

 **************************************************************************

 **************************************************************************

                    xk=(   0.00000,   0.00000,   0.45000  )

     Band symmetry, C_1 (1)     point group:

     e(  1 -  1) =    -19.60794  eV     1   --> A              
     e(  2 -  2) =    -19.07272  eV     1   --> A              
     e(  3 -  3) =    -14.50180  eV     1   --> A              
     e(  4 -  4) =    -13.96153  eV     1   --> A              
     e(  5 -  5) =    -10.10605  eV     1   --> A              
     e(  6 -  6) =     -9.78801  eV     1   --> A              
     e(  7 -  7) =     -9.58293  eV     1   --> A              
     e(  8 -  8) =     -9.07032  eV     1   --> A              
     e(  9 -  9) =     -7.55824  eV     1   --> A              
     e( 10 - 10) =     -6.97174  eV     1   --> A              
     e( 11 - 11) =     -0.81238  eV     1   --> A              
     e( 12 - 12) =     -0.10780  eV     1   --> A              
     e( 13 - 13) =      0.94902  eV     1   --> A              
     e( 14 - 14) =      1.11158  eV     1   --> A              

 **************************************************************************

 **************************************************************************

                    xk=(   0.00000,   0.00000,   0.47500  )

     Band symmetry, C_1 (1)     point group:

     e(  1 -  1) =    -19.48660  eV     1   --> A              
     e(  2 -  2) =    -19.21070  eV     1   --> A              
     e(  3 -  3) =    -14.37689  eV     1   --> A              
     e(  4 -  4) =    -14.10183  eV     1   --> A              
     e(  5 -  5) =     -9.98338  eV     1   --> A              
     e(  6 -  6) =     -9.71968  eV     1   --> A              
     e(  7 -  7) =     -9.58765  eV     1   --> A              
     e(  8 -  8) =     -9.22441  eV     1   --> A              
     e(  9 -  9) =     -7.42246  eV     1   --> A              
     e( 10 - 10) =     -7.12476  eV     1   --> A              
     e( 11 - 11) =     -0.64190  eV     1   --> A              
     e( 12 - 12) =     -0.28553  eV     1   --> A              
     e( 13 - 13) =      1.10541  eV     1   --> A              
     e( 14 - 14) =      1.24353  eV     1   --> A              

 **************************************************************************

 **************************************************************************

                    xk=(   0.00000,   0.00000,   0.50000  )

     Band symmetry, C_1 (1)     point group:

     e(  1 -  1) =    -19.38966  eV     1   --> A              
     e(  2 -  2) =    -19.31320  eV     1   --> A              
     e(  3 -  3) =    -14.27097  eV     1   --> A              
     e(  4 -  4) =    -14.21289  eV     1   --> A              
     e(  5 -  5) =     -9.87820  eV     1   --> A              
     e(  6 -  6) =     -9.82764  eV     1   --> A              
     e(  7 -  7) =     -9.43244  eV     1   --> A              
     e(  8 -  8) =     -9.36610  eV     1   --> A              
     e(  9 -  9) =     -7.30513  eV     1   --> A              
     e( 10 - 10) =     -7.24784  eV     1   --> A              
     e( 11 - 11) =     -0.49439  eV     1   --> A              
     e( 12 - 12) =     -0.43554  eV     1   --> A              
     e( 13 - 13) =      1.23589  eV     1   --> A              
     e( 14 - 14) =      1.24247  eV     1   --> A              

 **************************************************************************
 
     BANDS        :   1m18.50s CPU   1m41.16s WALL

 
   This run was terminated on:  15:56:39  18Nov2025            

=------------------------------------------------------------------------------=
   JOB DONE.
=------------------------------------------------------------------------------=
