[INFO] 2026-06-08 04:38:46 - pyprocar.scripts.scriptBandsplot[182][bandsplot] - Shifting Fermi energy to zero: -3.64471837
[INFO] 2026-06-08 04:38:47 - pyprocar.plotter.ebs_plot[81][__init__] - ___Initializing EBSPlot___
[DEBUG] 2026-06-08 04:38:47 - pyprocar.plotter.ebs_plot[83][__init__] - Kpath: K-Path
------
 1. $G$      : (0.00 0.00 0.00) -> $X$      : (0.50 0.00 0.00)
 2. $X$      : (0.50 0.00 0.00) -> $G$      : (0.00 0.00 0.00)

[DEBUG] 2026-06-08 04:38:47 - pyprocar.plotter.ebs_plot[84][__init__] - Non-collinear: False
[DEBUG] 2026-06-08 04:38:47 - pyprocar.plotter.ebs_plot[85][__init__] - Spins: range(0, 1)
[DEBUG] 2026-06-08 04:38:47 - pyprocar.plotter.ebs_plot[86][__init__] - Kdirect: True
[DEBUG] 2026-06-08 04:38:47 - pyprocar.plotter.ebs_plot[87][__init__] - Config: BandStructureConfig(plot_type=<PlotType.BAND_STRUCTURE: 'band_structure'>, custom_settings={}, modes=['plain', 'parametric', 'scatter', 'atomic', 'overlay', 'overlay_species', 'overlay_orbitals'], color='black', spin_colors=('blue', 'red'), colorbar_title='Atomic Orbital Projections', colorbar_title_size=15, colorbar_title_padding=20, colorbar_tick_labelsize=10, cmap='jet', clim=(0.0, 1.0), fermi_color='black', fermi_linestyle='solid', fermi_linewidth=0.0, grid=False, grid_axis='both', grid_color='grey', grid_linestyle='solid', grid_linewidth=1, grid_which='major', label=('$\\uparrow$', '$\\downarrow$'), legend=False, linestyle=('solid', 'dashed'), linewidth=(1.0, 1.0), marker=('o', 'v', '^', 'D'), markersize=(0.2, 0.2), opacity=(1.0, 1.0), plot_color_bar=True, savefig=None, title=None, weighted_color=True, weighted_width=False, figure_size=(9, 6), dpi=300, colorbar_tick_params={}, colorbar_label_params={}, x_label=None, x_label_params={}, y_label_params={'fontsize': 14}, title_params={}, major_y_tick_params={'which': 'major', 'axis': 'y', 'direction': 'inout', 'width': 1, 'length': 1, 'labelright': False, 'right': True, 'left': True}, minor_y_tick_params={'which': 'minor', 'axis': 'y', 'direction': 'in', 'left': True, 'right': True}, major_x_tick_params={'which': 'major', 'axis': 'x', 'direction': 'in', 'width': 0.8, 'length': 0.1}, multiple_locator_y_major_value=None, multiple_locator_y_minor_value=None)
[DEBUG] 2026-06-08 04:38:47 - pyprocar.plotter.ebs_plot[88][__init__] - EBS: 
 Electronic Band Structure     
============================
Total number of kpoints   = 401
Total number of bands    = 9
Total number of atoms    = 4
Total number of orbitals = 9

Array Shapes: 
------------------------     
Kpoints shape  = (401, 3)
Bands shape    = (401, 9, 1)
Projected shape = (401, 9, 4, 1, 9, 1)
Projected phase shape = (401, 9, 4, 1, 9, 1)
Kpath = K-Path
------
 1. $G$      : (0.00 0.00 0.00) -> $X$      : (0.50 0.00 0.00)
 2. $X$      : (0.50 0.00 0.00) -> $G$      : (0.00 0.00 0.00)

Labels = ['s', 'py', 'pz', 'px', 'dxy', 'dyz', 'dz2', 'dxz', 'dx2']
Reciprocal Lattice = 
 [[0.     0.     2.5392]
 [0.1905 0.     0.    ]
 [0.     0.2088 0.    ]]

Additional information: 
------------------------     
Fermi Energy = -3.64500651
Is Mesh = False
Has Phase = True

[INFO] 2026-06-08 04:38:47 - pyprocar.plotter.ebs_plot[116][_get_x] - ___Getting x values___
[INFO] 2026-06-08 04:38:47 - pyprocar.plotter.ebs_plot[120][_get_x] - Kpath exists and nsegments == ngrids. Creating path from kpath
[INFO] 2026-06-08 04:38:47 - pyprocar.plotter.ebs_plot[671][set_xticks] - ___Setting x ticks___
[DEBUG] 2026-06-08 04:38:47 - pyprocar.plotter.ebs_plot[672][set_xticks] - Setting x ticks:
	positions=[0, 200, 400]
	names=['$G$', '$X$', '$G$']
	color=black
[DEBUG] 2026-06-08 04:38:47 - pyprocar.plotter.ebs_plot[682][set_xticks] - Overriding default tick_positions: [0, 200, 400]
[DEBUG] 2026-06-08 04:38:47 - pyprocar.plotter.ebs_plot[685][set_xticks] - Overriding default tick_names: ['$G$', '$X$', '$G$']
[INFO] 2026-06-08 04:38:47 - pyprocar.plotter.ebs_plot[394][plot_parameteric] - ___No mask applied___
[INFO] 2026-06-08 04:38:47 - pyprocar.plotter.ebs_plot[671][set_xticks] - ___Setting x ticks___
[DEBUG] 2026-06-08 04:38:47 - pyprocar.plotter.ebs_plot[672][set_xticks] - Setting x ticks:
	positions=[0, 200, 400]
	names=['$G$', '$X$', '$G$']
	color=black
[DEBUG] 2026-06-08 04:38:47 - pyprocar.plotter.ebs_plot[682][set_xticks] - Overriding default tick_positions: [0, 200, 400]
