
     Program POST-PROC v.7.4.1 starts on  8Jun2026 at  2: 0: 7 

     This program is part of the open-source Quantum ESPRESSO suite
     for quantum simulation of materials; please cite
         "P. Giannozzi et al., J. Phys.:Condens. Matter 21 395502 (2009);
         "P. Giannozzi et al., J. Phys.:Condens. Matter 29 465901 (2017);
         "P. Giannozzi et al., J. Chem. Phys. 152 154105 (2020);
          URL http://www.quantum-espresso.org", 
     in publications or presentations arising from this work. More details at
     http://www.quantum-espresso.org/quote

     Parallel version (MPI), running on    32 processors

     MPI processes distributed on     1 nodes
     R & G space division:  proc/nbgrp/npool/nimage =      32
     12316 MiB available memory on the printing compute node when the environment starts
 

     Reading xml data from directory:

     ../tmp/ZGNR.save/
     file C.pbe-n-kjpaw_psl.1.0.0.UPF: wavefunction(s)  2S 2P renormalized
     file H.pbe-kjpaw_psl.1.0.0.UPF: wavefunction(s)  1S renormalized

     IMPORTANT: XC functional enforced from input :
     Exchange-correlation= PBE
                           (   1   4   3   4   0   0   0)
     Any further DFT definition will be discarded
     Please, verify this is what you really want

 
     Parallelization info
     --------------------
     sticks:   dense  smooth     PW     G-vecs:    dense   smooth      PW
     Min         507     203     58               162018    41005    6450
     Max         509     204     59               162030    41018    6467
     Sum       16243    6517   1887              5184713  1312331  206813
 
     Using Slab Decomposition
 

     negative rho (up, down):  3.783E-04 0.000E+00

     Calling punch_plot, plot_num =   0
     Writing data to file  tmp.pp
     Reading data from file  tmp.pp

     Writing data to be plotted to file charge_density.xsf
     Plot Type: 3D                     Output format: XCrySDen     
 
     POST-PROC    :     15.74s CPU     21.44s WALL

 
   This run was terminated on:   2: 0:28   8Jun2026            

=------------------------------------------------------------------------------=
   JOB DONE.
=------------------------------------------------------------------------------=
