
     Program POST-PROC v.7.4.1 starts on 12Jun2026 at  2:14:55 

     This program is part of the open-source Quantum ESPRESSO suite
     for quantum simulation of materials; please cite
         "P. Giannozzi et al., J. Phys.:Condens. Matter 21 395502 (2009);
         "P. Giannozzi et al., J. Phys.:Condens. Matter 29 465901 (2017);
         "P. Giannozzi et al., J. Chem. Phys. 152 154105 (2020);
          URL http://www.quantum-espresso.org", 
     in publications or presentations arising from this work. More details at
     http://www.quantum-espresso.org/quote

     Parallel version (MPI), running on    32 processors

     MPI processes distributed on     1 nodes
     R & G space division:  proc/nbgrp/npool/nimage =      32
     110555 MiB available memory on the printing compute node when the environment starts
 

     Reading xml data from directory:

     ../tmp/graphene.save/
     file C.pbe-n-kjpaw_psl.1.0.0.UPF: wavefunction(s)  2S 2P renormalized

     IMPORTANT: XC functional enforced from input :
     Exchange-correlation= PBE
                           (   1   4   3   4   0   0   0)
     Any further DFT definition will be discarded
     Please, verify this is what you really want

 
     Parallelization info
     --------------------
     sticks:   dense  smooth     PW     G-vecs:    dense   smooth      PW
     Min          32      13      3                 5199     1317     199
     Max          33      14      4                 5237     1342     234
     Sum        1045     421    121               166859    42343    7091
 
     Using Slab Decomposition
 

     negative rho (up, down):  3.546E-05 0.000E+00

     Calling punch_plot, plot_num =   0
     Writing data to file  tmp.pp
     Reading data from file  tmp.pp

     Writing data to be plotted to file grap_chg_3d.xsf
     Plot Type: 3D                     Output format: XCrySDen     
 
     POST-PROC    :      1.18s CPU      1.68s WALL

 
   This run was terminated on:   2:14:56  12Jun2026            

=------------------------------------------------------------------------------=
   JOB DONE.
=------------------------------------------------------------------------------=
