
     Program BANDS v.7.4.1 starts on 14Nov2025 at  0:17:27 

     This program is part of the open-source Quantum ESPRESSO suite
     for quantum simulation of materials; please cite
         "P. Giannozzi et al., J. Phys.:Condens. Matter 21 395502 (2009);
         "P. Giannozzi et al., J. Phys.:Condens. Matter 29 465901 (2017);
         "P. Giannozzi et al., J. Chem. Phys. 152 154105 (2020);
          URL http://www.quantum-espresso.org", 
     in publications or presentations arising from this work. More details at
     http://www.quantum-espresso.org/quote

     Parallel version (MPI), running on     6 processors

     MPI processes distributed on     1 nodes
     R & G space division:  proc/nbgrp/npool/nimage =       6
     724 MiB available memory on the printing compute node when the environment starts


     Reading xml data from directory:

     ./tmp/graphene.save/
     file C.rel-pbe-n-kjpaw_psl.0.1.UPF: wavefunction(s)  2P 2P renormalized

     IMPORTANT: XC functional enforced from input :
     Exchange-correlation= PBE
                           (   1   4   3   4   0   0   0)
     Any further DFT definition will be discarded
     Please, verify this is what you really want


     Parallelization info
     --------------------
     sticks:   dense  smooth     PW     G-vecs:    dense   smooth      PW
     Min         173      70     20                37063     9404    1566
     Max         175      71     21                37100     9435    1603
     Sum        1045     421    121               222427    56469    9447

     Using Slab Decomposition


     negative rho (up, down):  1.080E-05 0.000E+00

     Adding external electric field

     Computed dipole along edir(3) : 
        Dipole                0.0115 Ry au,          0.0292 Debye
        Dipole field          0.0002 Ry au, 

        E field amplitude [Ha a.u.]:  1.9447E-03
        Potential amp.        0.1251 Ry
        Total length         35.9048 bohr

     Reading collected, re-writing distributed wavefunctions
     high-symmetry point: .000000.000000.000000   x coordinate 0.000000
     high-symmetry point: .333333.577350.000000   x coordinate 0.666667
     high-symmetry point: .500000.288675.000000   x coordinate 1.000000
     high-symmetry point: .000000.000000.000000   x coordinate 1.577350

     Plottable bands (eV) written to file graphene_bands.dat.gnu
     Bands written to file graphene_bands.dat

     BANDS        :     20.23s CPU     39.02s WALL


   This run was terminated on:   0:18: 6  14Nov2025            

=------------------------------------------------------------------------------=
   JOB DONE.
=------------------------------------------------------------------------------=
