
     Program BANDS v.7.4.1 starts on 29Oct2025 at 21:57:53 

     This program is part of the open-source Quantum ESPRESSO suite
     for quantum simulation of materials; please cite
         "P. Giannozzi et al., J. Phys.:Condens. Matter 21 395502 (2009);
         "P. Giannozzi et al., J. Phys.:Condens. Matter 29 465901 (2017);
         "P. Giannozzi et al., J. Chem. Phys. 152 154105 (2020);
          URL http://www.quantum-espresso.org", 
     in publications or presentations arising from this work. More details at
     http://www.quantum-espresso.org/quote

     Serial version
     693 MiB available memory on the printing compute node when the environment starts


     Reading xml data from directory:

     ./tmp/graphene.save/
     file C.rel-pz-n-kjpaw_psl.0.1.UPF: wavefunction(s)  2P 2P renormalized

     IMPORTANT: XC functional enforced from input :
     Exchange-correlation= PZ
                           (   1   1   0   0   0   0   0)
     Any further DFT definition will be discarded
     Please, verify this is what you really want


     G-vector sticks info
     --------------------
     sticks:   dense  smooth     PW     G-vecs:    dense   smooth      PW
     Sum        1039     421    121               163611    41503    7019

     Using Slab Decomposition


     negative rho (up, down):  1.323E-05 0.000E+00
     Reading collected, re-writing distributed wavefunctions
     high-symmetry point: .000000.000000.000000   x coordinate 0.000000
     high-symmetry point: .333333.577350.000000   x coordinate 0.666667
     high-symmetry point: .500000.288675.000000   x coordinate 1.000000
     high-symmetry point: .000000.000000.000000   x coordinate 1.577350

     Plottable bands (eV) written to file graphene_bands.dat.gnu
     Bands written to file graphene_bands.dat

     BANDS        :     13.52s CPU     18.01s WALL


   This run was terminated on:  21:58:11  29Oct2025            

=------------------------------------------------------------------------------=
   JOB DONE.
=------------------------------------------------------------------------------=
