
     Program DOS v.7.4.1 starts on 30Dec2025 at  4:20: 0 

     This program is part of the open-source Quantum ESPRESSO suite
     for quantum simulation of materials; please cite
         "P. Giannozzi et al., J. Phys.:Condens. Matter 21 395502 (2009);
         "P. Giannozzi et al., J. Phys.:Condens. Matter 29 465901 (2017);
         "P. Giannozzi et al., J. Chem. Phys. 152 154105 (2020);
          URL http://www.quantum-espresso.org", 
     in publications or presentations arising from this work. More details at
     http://www.quantum-espresso.org/quote

     Parallel version (MPI), running on    24 processors

     MPI processes distributed on     1 nodes
     R & G space division:  proc/nbgrp/npool/nimage =      24
     82359 MiB available memory on the printing compute node when the environment starts
 

     Reading xml data from directory:

     ../tmp/graphene.save/
     file C.pbe-n-kjpaw_psl.1.0.0.UPF: wavefunction(s)  2S 2P renormalized

     IMPORTANT: XC functional enforced from input :
     Exchange-correlation= PBE
                           (   1   4   3   4   0   0   0)
     Any further DFT definition will be discarded
     Please, verify this is what you really want

 
     Parallelization info
     --------------------
     sticks:   dense  smooth     PW     G-vecs:    dense   smooth      PW
     Min          43      17      5                 6943     1751     291
     Max          44      18      6                 6976     1776     320
     Sum        1045     421    121               166859    42343    7091
 
     Using Slab Decomposition
 

     negative rho (up, down):  3.546E-05 0.000E+00

     Gaussian broadening (read from input): ngauss,degauss=   0    0.007000

 
     DOS          :      0.58s CPU      0.65s WALL

 
   This run was terminated on:   4:20: 0  30Dec2025            

=------------------------------------------------------------------------------=
   JOB DONE.
=------------------------------------------------------------------------------=
