
     Program DOS v.7.4.1 starts on  9Jun2026 at 16: 7:45 

     This program is part of the open-source Quantum ESPRESSO suite
     for quantum simulation of materials; please cite
         "P. Giannozzi et al., J. Phys.:Condens. Matter 21 395502 (2009);
         "P. Giannozzi et al., J. Phys.:Condens. Matter 29 465901 (2017);
         "P. Giannozzi et al., J. Chem. Phys. 152 154105 (2020);
          URL http://www.quantum-espresso.org", 
     in publications or presentations arising from this work. More details at
     http://www.quantum-espresso.org/quote

     Parallel version (MPI), running on    24 processors

     MPI processes distributed on     1 nodes
     R & G space division:  proc/nbgrp/npool/nimage =      24
     7352 MiB available memory on the printing compute node when the environment starts
 

     Reading xml data from directory:

     ../tmp/ZGNR.save/
     file C.pbe-n-kjpaw_psl.1.0.0.UPF: wavefunction(s)  2S 2P renormalized
     file H.pbe-kjpaw_psl.1.0.0.UPF: wavefunction(s)  1S renormalized

     IMPORTANT: XC functional enforced from input :
     Exchange-correlation= PBE
                           (   1   4   3   4   0   0   0)
     Any further DFT definition will be discarded
     Please, verify this is what you really want

 
     Parallelization info
     --------------------
     sticks:   dense  smooth     PW     G-vecs:    dense   smooth      PW
     Min         808     324     93               258124    65339   10287
     Max         809     326     94               258133    65348   10306
     Sum       19405    7789   2255              6195059  1568223  247137
 
     Using Slab Decomposition
 

     negative rho (up, down):  7.597E-04 0.000E+00

     Gaussian broadening (read from input): ngauss,degauss=   0    0.007000

 
     DOS          :      7.12s CPU      7.68s WALL

 
   This run was terminated on:  16: 7:53   9Jun2026            

=------------------------------------------------------------------------------=
   JOB DONE.
=------------------------------------------------------------------------------=
