
     Program DOS v.7.4.1 starts on  9Oct2025 at 18:21:52 

     This program is part of the open-source Quantum ESPRESSO suite
     for quantum simulation of materials; please cite
         "P. Giannozzi et al., J. Phys.:Condens. Matter 21 395502 (2009);
         "P. Giannozzi et al., J. Phys.:Condens. Matter 29 465901 (2017);
         "P. Giannozzi et al., J. Chem. Phys. 152 154105 (2020);
          URL http://www.quantum-espresso.org", 
     in publications or presentations arising from this work. More details at
     http://www.quantum-espresso.org/quote

     Serial version
     19855 MiB available memory on the printing compute node when the environment starts


     Reading xml data from directory:

     ./tmp/graphene.save/
     file C.pbe-n-kjpaw_psl.1.0.0.UPF: wavefunction(s)  2S 2P renormalized

     IMPORTANT: XC functional enforced from input :
     Exchange-correlation= PBE
                           (   1   4   3   4   0   0   0)
     Any further DFT definition will be discarded
     Please, verify this is what you really want


     G-vector sticks info
     --------------------
     sticks:   dense  smooth     PW     G-vecs:    dense   smooth      PW
     Sum        1045     421    121               166859    42343    7091

     Using Slab Decomposition


     negative rho (up, down):  3.546E-05 0.000E+00

     Gaussian broadening (read from input): ngauss,degauss=   0    0.007000


     DOS          :      1.41s CPU      1.38s WALL


   This run was terminated on:  18:21:53   9Oct2025            

=------------------------------------------------------------------------------=
   JOB DONE.
=------------------------------------------------------------------------------=
