
     Program DOS v.7.4.1 starts on  8Jun2026 at  3:55:53 

     This program is part of the open-source Quantum ESPRESSO suite
     for quantum simulation of materials; please cite
         "P. Giannozzi et al., J. Phys.:Condens. Matter 21 395502 (2009);
         "P. Giannozzi et al., J. Phys.:Condens. Matter 29 465901 (2017);
         "P. Giannozzi et al., J. Chem. Phys. 152 154105 (2020);
          URL http://www.quantum-espresso.org", 
     in publications or presentations arising from this work. More details at
     http://www.quantum-espresso.org/quote

     Parallel version (MPI), running on    24 processors

     MPI processes distributed on     1 nodes
     R & G space division:  proc/nbgrp/npool/nimage =      24
     28296 MiB available memory on the printing compute node when the environment starts
 

     Reading xml data from directory:

     ../tmp/ZGNR.save/
     file C.pbe-n-kjpaw_psl.1.0.0.UPF: wavefunction(s)  2S 2P renormalized
     file H.pbe-kjpaw_psl.1.0.0.UPF: wavefunction(s)  1S renormalized

     IMPORTANT: XC functional enforced from input :
     Exchange-correlation= PBE
                           (   1   4   3   4   0   0   0)
     Any further DFT definition will be discarded
     Please, verify this is what you really want

 
     Parallelization info
     --------------------
     sticks:   dense  smooth     PW     G-vecs:    dense   smooth      PW
     Min         720     289     83               230062    58235    9171
     Max         721     290     84               230073    58244    9182
     Sum       17289    6937   2011              5521603  1397719  220277
 
     Using Slab Decomposition
 

     negative rho (up, down):  5.331E-04 0.000E+00

     Gaussian broadening (read from input): ngauss,degauss=   0    0.007000

 
     DOS          :      4.74s CPU      5.91s WALL

 
   This run was terminated on:   3:55:59   8Jun2026            

=------------------------------------------------------------------------------=
   JOB DONE.
=------------------------------------------------------------------------------=
